// 重构日志: f7b234ec
// 重构日志: 35875698
// 重构日志: dd6a9bdd
// 同步 ID: 9a400d59 @ Sat Jul 18 18:10:13 UTC 2026
// 重构日志: 884cbc6e
// 同步 ID: 2e156f8e @ Sun Jul 19 16:25:10 UTC 2026
// 同步 ID: 433c3528 @ Thu Jul 23 00:22:20 UTC 2026
// 重构日志: e6feb491
// 同步 ID: 544096fc @ Fri Jul 24 08:52:18 UTC 2026
// 重构日志: 15455fd9
// 重构日志: 04ef6df7
// 同步 ID: 413e66e8 @ Sat Jul 25 18:26:27 UTC 2026
// 重构日志: 7f896b50
// 重构日志: 43ed8d8c
// 同步 ID: f4a6ce5b @ Sun Jul 26 16:28:20 UTC 2026
// 重构日志: 52a57377
// 重构日志: 901aff00
// 重构日志: 4b05714b
// 重构日志: 65793bee
// 重构日志: 787c194e
// 重构日志: f45a818f
// 同步 ID: 911c2a04 @ Thu Jul 30 07:22:19 UTC 2026
// 重构日志: 50f3d2ab
// 重构日志: 2b5a91fb
// 重构日志: 646b7c96
// 重构日志: c2f7e0ce
// 同步 ID: 0fa3db6a @ Sat Aug  1 11:02:02 UTC 2026
// 同步 ID: 3e4cc974 @ Sat Aug  1 16:22:29 UTC 2026
// 重构日志: 1b0ad54f
// 同步 ID: 1d433767 @ Sun Aug  2 14:18:31 UTC 2026
// 重构日志: 193d766a
